.\mvnw : Picked up JAVA_TOOL_OPTIONS: -Duser.timezone=Asia/Kolkata
At line:3 char:1
+ .\mvnw spring-boot:run 2>&1 | Out-File run.log -Encoding utf8
+ ~~~~~~~~~~~~~~~~~~~~~~~~~~~
    + CategoryInfo          : NotSpecified: (Picked up JAVA_...ne=Asia/Kolkata:String) [], RemoteException
    + FullyQualifiedErrorId : NativeCommandError
 
[INFO] Scanning for projects...
[INFO] Loaded 24041 auto-discovered prefixes for remote repository central (prefixes-central.txt)
[INFO] 
[INFO] -----------------------< com.testforge:backend >------------------------
[INFO] Building  0.0.1-SNAPSHOT
[INFO]   from pom.xml
[INFO] --------------------------------[ jar ]---------------------------------
[INFO] Loaded 74 auto-discovered prefixes for remote repository apache.snapshots (prefixes-apache.snapshots.txt)
[INFO] 
[INFO] >>> spring-boot:4.0.8:run (default-cli) > test-compile @ backend >>>
[INFO] Loaded 24041 auto-discovered prefixes for remote repository maven-central (prefixes-maven-central.txt)
[WARNING] Could not transfer metadata /.meta/prefixes.txt from/to flyway-community-db-support (https://maven.pkg.github.com/flyway/flyway-community-db-support): HTTP Status: 401
[INFO] 
[INFO] --- resources:3.3.1:resources (default-resources) @ backend ---
[INFO] Copying 1 resource from src\main\resources to target\classes
[INFO] Copying 1 resource from src\main\resources to target\classes
[INFO] 
[INFO] --- compiler:3.14.1:compile (default-compile) @ backend ---
[INFO] Nothing to compile - all classes are up to date.
[INFO] 
[INFO] --- resources:3.3.1:testResources (default-testResources) @ backend ---
[INFO] skip non existing resourceDirectory C:\Users\Manisha\OneDrive\Desktop\testforge\testforge\backend\src\test\resources
[INFO] 
[INFO] --- compiler:3.14.1:testCompile (default-testCompile) @ backend ---
[INFO] Nothing to compile - all classes are up to date.
[INFO] 
[INFO] <<< spring-boot:4.0.8:run (default-cli) < test-compile @ backend <<<
[INFO] 
[INFO] 
[INFO] --- spring-boot:4.0.8:run (default-cli) @ backend ---
[INFO] Loaded 50 auto-discovered prefixes for remote repository ow2-snapshot (prefixes-ow2-snapshot.txt)
[INFO] Attaching agents: []
Picked up JAVA_TOOL_OPTIONS: -Duser.timezone=Asia/Kolkata

  .   ____          _            __ _ _
 /\\ / ___'_ __ _ _(_)_ __  __ _ \ \ \ \
( ( )\___ | '_ | '_| | '_ \/ _` | \ \ \ \
 \\/  ___)| |_)| | | | | || (_| |  ) ) ) )
  '  |____| .__|_| |_|_| |_\__, | / / / /
 =========|_|==============|___/=/_/_/_/

 :: Spring Boot ::                (v4.0.8)

2026-10-10T14:58:16.078+05:30  INFO 31272 --- [testforge] [           main] c.testforge.backend.BackendApplication   : Starting BackendApplication using Java 17.0.20.1 with PID 31272 (C:\Users\Manisha\OneDrive\Desktop\testforge\testforge\backend\target\classes started by Manisha in C:\Users\Manisha\OneDrive\Desktop\testforge\testforge\backend)
2026-10-10T14:58:16.080+05:30  INFO 31272 --- [testforge] [           main] c.testforge.backend.BackendApplication   : No active profile set, falling back to 1 default profile: "default"
2026-10-10T14:58:17.050+05:30  INFO 31272 --- [testforge] [           main] .s.d.r.c.RepositoryConfigurationDelegate : Bootstrapping Spring Data JPA repositories in DEFAULT mode.
2026-10-10T14:58:17.077+05:30  INFO 31272 --- [testforge] [           main] .s.d.r.c.RepositoryConfigurationDelegate : Finished Spring Data repository scanning in 11 ms. Found 0 JPA repository interfaces.
2026-10-10T14:58:17.793+05:30  INFO 31272 --- [testforge] [           main] o.s.boot.tomcat.TomcatWebServer          : Tomcat initialized with port 8080 (http)
2026-10-10T14:58:17.838+05:30  INFO 31272 --- [testforge] [           main] o.apache.catalina.core.StandardService   : Starting service [Tomcat]
2026-10-10T14:58:17.839+05:30  INFO 31272 --- [testforge] [           main] o.apache.catalina.core.StandardEngine    : Starting Servlet engine: [Apache Tomcat/11.0.24]
2026-10-10T14:58:18.004+05:30  INFO 31272 --- [testforge] [           main] b.w.c.s.WebApplicationContextInitializer : Root WebApplicationContext: initialization completed in 1867 ms
2026-10-10T14:58:18.643+05:30  INFO 31272 --- [testforge] [           main] com.zaxxer.hikari.HikariDataSource       : HikariPool-1 - Starting...
2026-10-10T14:58:18.836+05:30  INFO 31272 --- [testforge] [           main] com.zaxxer.hikari.pool.HikariPool        : HikariPool-1 - Added connection org.postgresql.jdbc.PgConnection@1a7e799e
2026-10-10T14:58:18.838+05:30  INFO 31272 --- [testforge] [           main] com.zaxxer.hikari.HikariDataSource       : HikariPool-1 - Start completed.
2026-10-10T14:58:18.871+05:30  INFO 31272 --- [testforge] [           main] org.flywaydb.core.FlywayExecutor         : Database: jdbc:postgresql://localhost:5433/testforge (PostgreSQL 15.19)
2026-10-10T14:58:18.948+05:30  INFO 31272 --- [testforge] [           main] o.f.core.internal.command.DbValidate     : Successfully validated 1 migration (execution time 00:00.037s)
2026-10-10T14:58:18.991+05:30  INFO 31272 --- [testforge] [           main] o.f.core.internal.command.DbMigrate      : Current version of schema "public": 1
2026-10-10T14:58:18.995+05:30  INFO 31272 --- [testforge] [           main] o.f.core.internal.command.DbMigrate      : Schema "public" is up to date. No migration necessary.
2026-10-10T14:58:19.116+05:30  INFO 31272 --- [testforge] [           main] org.hibernate.orm.jpa                    : HHH008540: Processing PersistenceUnitInfo [name: default]
2026-10-10T14:58:19.200+05:30  INFO 31272 --- [testforge] [           main] org.hibernate.orm.core                   : HHH000001: Hibernate ORM core version 7.2.24.Final
2026-10-10T14:58:19.801+05:30  INFO 31272 --- [testforge] [           main] o.s.o.j.p.SpringPersistenceUnitInfo      : No LoadTimeWeaver setup: ignoring JPA class transformer
2026-10-10T14:58:19.922+05:30  INFO 31272 --- [testforge] [           main] org.hibernate.orm.connections.pooling    : HHH10001005: Database info:
	Database JDBC URL [jdbc:postgresql://localhost:5433/testforge]
	Database driver: PostgreSQL JDBC Driver
	Database dialect: PostgreSQLDialect
	Database version: 15.19
	Default catalog/schema: testforge/public
	Autocommit mode: undefined/unknown
	Isolation level: READ_COMMITTED [default READ_COMMITTED]
	JDBC fetch size: none
	Pool: DataSourceConnectionProvider
	Minimum pool size: undefined/unknown
	Maximum pool size: undefined/unknown
2026-10-10T14:58:20.463+05:30  INFO 31272 --- [testforge] [           main] org.hibernate.orm.core                   : HHH000489: No JTA platform available (set 'hibernate.transaction.jta.platform' to enable JTA platform integration)
2026-10-10T14:58:20.468+05:30  INFO 31272 --- [testforge] [           main] j.LocalContainerEntityManagerFactoryBean : Initialized JPA EntityManagerFactory for persistence unit 'default'
2026-10-10T14:58:20.494+05:30  WARN 31272 --- [testforge] [           main] ConfigServletWebServerApplicationContext : Exception encountered during context initialization - cancelling refresh attempt: org.springframework.beans.factory.BeanCreationException: Error creating bean with name 'securityConfig' defined in file [C:\Users\Manisha\OneDrive\Desktop\testforge\testforge\backend\target\classes\com\testforge\backend\config\SecurityConfig.class]: Failed to instantiate [com.testforge.backend.config.SecurityConfig$$SpringCGLIB$$0]: Constructor threw exception
2026-10-10T14:58:20.494+05:30  INFO 31272 --- [testforge] [           main] j.LocalContainerEntityManagerFactoryBean : Closing JPA EntityManagerFactory for persistence unit 'default'
2026-10-10T14:58:20.498+05:30  INFO 31272 --- [testforge] [           main] com.zaxxer.hikari.HikariDataSource       : HikariPool-1 - Shutdown initiated...
2026-10-10T14:58:20.508+05:30  INFO 31272 --- [testforge] [           main] com.zaxxer.hikari.HikariDataSource       : HikariPool-1 - Shutdown completed.
2026-10-10T14:58:20.511+05:30  INFO 31272 --- [testforge] [           main] o.apache.catalina.core.StandardService   : Stopping service [Tomcat]
2026-10-10T14:58:20.526+05:30  INFO 31272 --- [testforge] [           main] .s.b.a.l.ConditionEvaluationReportLogger : 

Error starting ApplicationContext. To display the condition evaluation report re-run your application with 'debug' enabled.
2026-10-10T14:58:20.538+05:30 ERROR 31272 --- [testforge] [           main] o.s.boot.SpringApplication               : Application run failed

org.springframework.beans.factory.BeanCreationException: Error creating bean with name 'securityConfig' defined in file [C:\Users\Manisha\OneDrive\Desktop\testforge\testforge\backend\target\classes\com\testforge\backend\config\SecurityConfig.class]: Failed to instantiate [com.testforge.backend.config.SecurityConfig$$SpringCGLIB$$0]: Constructor threw exception
	at org.springframework.beans.factory.support.AbstractAutowireCapableBeanFactory.instantiateBean(AbstractAutowireCapableBeanFactory.java:1342) ~[spring-beans-7.0.9.jar:7.0.9]
	at org.springframework.beans.factory.support.AbstractAutowireCapableBeanFactory.createBeanInstance(AbstractAutowireCapableBeanFactory.java:1229) ~[spring-beans-7.0.9.jar:7.0.9]
	at org.springframework.beans.factory.support.AbstractAutowireCapableBeanFactory.doCreateBean(AbstractAutowireCapableBeanFactory.java:565) ~[spring-beans-7.0.9.jar:7.0.9]
	at org.springframework.beans.factory.support.AbstractAutowireCapableBeanFactory.createBean(AbstractAutowireCapableBeanFactory.java:525) ~[spring-beans-7.0.9.jar:7.0.9]
	at org.springframework.beans.factory.support.AbstractBeanFactory.lambda$doGetBean$0(AbstractBeanFactory.java:333) ~[spring-beans-7.0.9.jar:7.0.9]
	at org.springframework.beans.factory.support.DefaultSingletonBeanRegistry.getSingleton(DefaultSingletonBeanRegistry.java:371) ~[spring-beans-7.0.9.jar:7.0.9]
	at org.springframework.beans.factory.support.AbstractBeanFactory.doGetBean(AbstractBeanFactory.java:331) ~[spring-beans-7.0.9.jar:7.0.9]
	at org.springframework.beans.factory.support.AbstractBeanFactory.getBean(AbstractBeanFactory.java:196) ~[spring-beans-7.0.9.jar:7.0.9]
	at org.springframework.beans.factory.support.DefaultListableBeanFactory.instantiateSingleton(DefaultListableBeanFactory.java:1225) ~[spring-beans-7.0.9.jar:7.0.9]
	at org.springframework.beans.factory.support.DefaultListableBeanFactory.preInstantiateSingleton(DefaultListableBeanFactory.java:1191) ~[spring-beans-7.0.9.jar:7.0.9]
	at org.springframework.beans.factory.support.DefaultListableBeanFactory.preInstantiateSingletons(DefaultListableBeanFactory.java:1121) ~[spring-beans-7.0.9.jar:7.0.9]
	at org.springframework.context.support.AbstractApplicationContext.finishBeanFactoryInitialization(AbstractApplicationContext.java:994) ~[spring-context-7.0.9.jar:7.0.9]
	at org.springframework.context.support.AbstractApplicationContext.refresh(AbstractApplicationContext.java:621) ~[spring-context-7.0.9.jar:7.0.9]
	at org.springframework.boot.web.server.servlet.context.ServletWebServerApplicationContext.refresh(ServletWebServerApplicationContext.java:143) ~[spring-boot-web-server-4.0.8.jar:4.0.8]
	at org.springframework.boot.SpringApplication.refresh(SpringApplication.java:756) ~[spring-boot-4.0.8.jar:4.0.8]
	at org.springframework.boot.SpringApplication.refreshContext(SpringApplication.java:445) ~[spring-boot-4.0.8.jar:4.0.8]
	at org.springframework.boot.SpringApplication.run(SpringApplication.java:321) ~[spring-boot-4.0.8.jar:4.0.8]
	at org.springframework.boot.SpringApplication.run(SpringApplication.java:1365) ~[spring-boot-4.0.8.jar:4.0.8]
	at org.springframework.boot.SpringApplication.run(SpringApplication.java:1354) ~[spring-boot-4.0.8.jar:4.0.8]
	at com.testforge.backend.BackendApplication.main(BackendApplication.java:10) ~[classes/:na]
Caused by: org.springframework.beans.BeanInstantiationException: Failed to instantiate [com.testforge.backend.config.SecurityConfig$$SpringCGLIB$$0]: Constructor threw exception
	at org.springframework.beans.BeanUtils.instantiateClass(BeanUtils.java:220) ~[spring-beans-7.0.9.jar:7.0.9]
	at org.springframework.beans.factory.support.SimpleInstantiationStrategy.instantiate(SimpleInstantiationStrategy.java:106) ~[spring-beans-7.0.9.jar:7.0.9]
	at org.springframework.beans.factory.support.AbstractAutowireCapableBeanFactory.instantiateBean(AbstractAutowireCapableBeanFactory.java:1336) ~[spring-beans-7.0.9.jar:7.0.9]
	... 19 common frames omitted
Caused by: java.lang.Error: Unresolved compilation problems: 
	Syntax error on tokens, delete these tokens
	Invalid character constant
	Syntax error on tokens, delete these tokens
	Syntax error on tokens, delete these tokens
	Syntax error on tokens, delete these tokens
	Syntax error on tokens, delete these tokens
	Syntax error, insert "... VariableDeclaratorId" to complete SingleVariableDeclarator
	Syntax error, insert ")" to complete MethodDeclaration
	Syntax error, insert ";" to complete MethodDeclaration
	Syntax error, insert "}" to complete ClassBody

	at com.testforge.backend.config.SecurityConfig.<init>(SecurityConfig.java:1) ~[classes/:na]
	at com.testforge.backend.config.SecurityConfig$$SpringCGLIB$$0.<init>(<generated>) ~[classes/:na]
	at java.base/jdk.internal.reflect.NativeConstructorAccessorImpl.newInstance0(Native Method) ~[na:na]
	at java.base/jdk.internal.reflect.NativeConstructorAccessorImpl.newInstance(NativeConstructorAccessorImpl.java:77) ~[na:na]
	at java.base/jdk.internal.reflect.DelegatingConstructorAccessorImpl.newInstance(DelegatingConstructorAccessorImpl.java:45) ~[na:na]
	at java.base/java.lang.reflect.Constructor.newInstanceWithCaller(Constructor.java:500) ~[na:na]
	at java.base/java.lang.reflect.Constructor.newInstance(Constructor.java:481) ~[na:na]
	at org.springframework.beans.BeanUtils.instantiateClass(BeanUtils.java:194) ~[spring-beans-7.0.9.jar:7.0.9]
	... 21 common frames omitted

[INFO] ------------------------------------------------------------------------
[ERROR] BUILD FAILURE
[INFO] ------------------------------------------------------------------------
[INFO] Total time:  15.393 s
[INFO] Finished at: 2026-10-10T14:58:20+05:30
[INFO] ------------------------------------------------------------------------
[ERROR] Failed to execute goal org.springframework.boot:spring-boot-maven-plugin:4.0.8:run (default-cli) on project backend: Process terminated with exit code: 1 -> [Help 1]
[ERROR] 
[ERROR] To see the full stack trace of the errors, re-run Maven with the -e switch.
[ERROR] Re-run Maven using the -X switch to enable full debug logging.
[ERROR] 
[ERROR] For more information about the errors and possible solutions, please read the following articles:
[ERROR] [Help 1] http://cwiki.apache.org/confluence/display/MAVEN/MojoExecutionException
